<html>
<body>
<pre>
<h1>µVision Build Log</h1>
<h2>Tool Versions:</h2>
IDE-Version: µVision V5.28.0.0
Copyright (C) 2019 ARM Ltd and ARM Germany GmbH. All rights reserved.
License Information: Vinita vinit, RIT, LIC=----
 
Tool Versions:
Toolchain:       MDK-Lite  Version: 5.28.0.0
Toolchain Path:  C:\Keil_v5\ARM\ARMCC\Bin
C Compiler:      Armcc.exe V5.06 update 6 (build 750)
Assembler:       Armasm.exe V5.06 update 6 (build 750)
Linker/Locator:  ArmLink.exe V5.06 update 6 (build 750)
Library Manager: ArmAr.exe V5.06 update 6 (build 750)
Hex Converter:   FromElf.exe V5.06 update 6 (build 750)
CPU DLL:         SARMCM3.DLL V5.28.0.0
Dialog DLL:      DCM.DLL V1.17.3.0
Target DLL:      STLink\ST-LINKIII-KEIL_SWO.dll V3.0.6.0
Dialog DLL:      TCM.DLL V1.36.2.0
 
<h2>Project:</h2>
C:\Users\vinit\Documents\Embedded_RTES\ULTRASONIC_VERSION4\ULTRASONIC_VERSION4.uvprojx
Project File Date:  12/07/2019

<h2>Output:</h2>
*** Using Compiler 'V5.06 update 6 (build 750)', folder: 'C:\Keil_v5\ARM\ARMCC\Bin'
Build target 'Target 1'
compiling timer.c...
compiling main.c...
gpio_new.h(11): warning:  #1295-D: Deprecated declaration init_GPIO_LED - give arg types
  void init_GPIO_LED();
gpio_new.h(15): warning:  #1-D: last line of file ends without a newline
  //#endif /* __STM32L476G_DISCOVERY_GPIONEW_H */
main.c(50): warning:  #1295-D: Deprecated declaration Post_check - give arg types
  void Post_check();
main.c(51): warning:  #1295-D: Deprecated declaration display_readings - give arg types
  void  display_readings();
main.c(52): warning:  #1295-D: Deprecated declaration initialize_arrays - give arg types
  void initialize_arrays();
main.c(70): warning:  #177-D: variable "counter"  was declared but never referenced
  uint16_t counter;
main.c(71): warning:  #177-D: variable "i"  was declared but never referenced
  int i = 0;
main.c(72): warning:  #177-D: variable "lastMeasurement"  was declared but never referenced
  	uint32_t lastMeasurement = 0;
main.c(297): warning:  #1-D: last line of file ends without a newline
  }
main.c: 9 warnings, 0 errors
linking...
Program Size: Code=4980 RO-data=424 RW-data=408 ZI-data=2536  
FromELF: creating hex file...
".\Objects\ULTRASONIC_VERSION4.axf" - 0 Error(s), 9 Warning(s).

<h2>Software Packages used:</h2>

Package Vendor: ARM
                http://www.keil.com/pack/ARM.CMSIS.5.5.1.pack
                ARM.CMSIS.5.5.1
                CMSIS (Cortex Microcontroller Software Interface Standard)
   * Component: CORE Version: 5.2.0

Package Vendor: Keil
                http://www.keil.com/pack/Keil.STM32L4xx_DFP.2.2.0.pack
                Keil.STM32L4xx_DFP.2.2.0
                STMicroelectronics STM32L4 Series Device Support, Drivers and Examples

<h2>Collection of Component include folders:</h2>
  .\RTE\_Target_1
  C:\Users\vinit\AppData\Local\Arm\Packs\ARM\CMSIS\5.5.1\CMSIS\Core\Include
  C:\Users\vinit\AppData\Local\Arm\Packs\Keil\STM32L4xx_DFP\2.2.0\Drivers\CMSIS\Device\ST\STM32L4xx\Include

<h2>Collection of Component Files used:</h2>

   * Component: ARM::CMSIS:CORE:5.2.0
Build Time Elapsed:  00:00:01
</pre>
</body>
</html>
